15:02:54 **** Incremental Build of configuration Debug for project _02_procedural_programming2 ****
make -j16 all 
arm-none-eabi-gcc "../User/Src/button.c" -mcpu=cortex-m4 -std=gnu11 -g3 -DDEBUG -DUSE_HAL_DRIVER -DSTM32F407xx -c -I../Core/Inc -I../User/Inc -I../Drivers/STM32F4xx_HAL_Driver/Inc -I../Drivers/STM32F4xx_HAL_Driver/Inc/Legacy -I../Drivers/CMSIS/Device/ST/STM32F4xx/Include -I../Drivers/CMSIS/Include -O0 -ffunction-sections -fdata-sections -Wall -fstack-usage -fcyclomatic-complexity -MMD -MP -MF"User/Src/button.d" -MT"User/Src/button.o" --specs=nano.specs -mfpu=fpv4-sp-d16 -mfloat-abi=hard -mthumb -o "User/Src/button.o"
arm-none-eabi-gcc "../User/Src/led.c" -mcpu=cortex-m4 -std=gnu11 -g3 -DDEBUG -DUSE_HAL_DRIVER -DSTM32F407xx -c -I../Core/Inc -I../User/Inc -I../Drivers/STM32F4xx_HAL_Driver/Inc -I../Drivers/STM32F4xx_HAL_Driver/Inc/Legacy -I../Drivers/CMSIS/Device/ST/STM32F4xx/Include -I../Drivers/CMSIS/Include -O0 -ffunction-sections -fdata-sections -Wall -fstack-usage -fcyclomatic-complexity -MMD -MP -MF"User/Src/led.d" -MT"User/Src/led.o" --specs=nano.specs -mfpu=fpv4-sp-d16 -mfloat-abi=hard -mthumb -o "User/Src/led.o"
arm-none-eabi-gcc -o "_02_procedural_programming2.elf" @"objects.list"   -mcpu=cortex-m4 -T"C:\Github\LED-on-off\_02_procedural_programming2\STM32F407VETX_FLASH.ld" --specs=nosys.specs -Wl,-Map="_02_procedural_programming2.map" -Wl,--gc-sections -static --specs=nano.specs -mfpu=fpv4-sp-d16 -mfloat-abi=hard -mthumb -Wl,--start-group -lc -lm -Wl,--end-group
Finished building target: _02_procedural_programming2.elf
 
arm-none-eabi-size  _02_procedural_programming2.elf 
arm-none-eabi-objdump -h -S _02_procedural_programming2.elf  > "_02_procedural_programming2.list"
   text	   data	    bss	    dec	    hex	filename
   5812	     12	   1572	   7396	   1ce4	_02_procedural_programming2.elf
Finished building: default.size.stdout
 
Finished building: _02_procedural_programming2.list
 

15:02:55 Build Finished. 0 errors, 0 warnings. (took 756ms)

